2026-09-21 02:00:00 INFO backup : job started, 64 batches to copy to /srv/archives
2026-09-21 02:00:47 INFO backup : batch 1 copied
2026-09-21 02:01:34 INFO backup : batch 2 copied
2026-09-21 02:02:21 INFO backup : batch 3 copied
2026-09-21 02:03:08 INFO backup : batch 4 copied
2026-09-21 02:03:55 INFO backup : batch 5 copied
2026-09-21 02:04:42 INFO backup : batch 6 copied
2026-09-21 02:05:29 INFO backup : batch 7 copied
2026-09-21 02:06:16 INFO backup : batch 8 copied
2026-09-21 02:07:03 INFO backup : batch 9 copied
2026-09-21 02:07:50 INFO backup : batch 10 copied
2026-09-21 02:08:37 INFO backup : batch 11 copied
2026-09-21 02:09:24 INFO backup : batch 12 copied
2026-09-21 02:10:11 INFO backup : batch 13 copied
2026-09-21 02:10:58 INFO backup : batch 14 copied
2026-09-21 02:11:45 INFO backup : batch 15 copied
2026-09-21 02:12:32 INFO backup : batch 16 copied
2026-09-21 02:13:19 INFO backup : batch 17 copied
2026-09-21 02:14:06 INFO backup : batch 18 copied
2026-09-21 02:14:53 INFO backup : batch 19 copied
2026-09-21 02:15:40 INFO backup : batch 20 copied
2026-09-21 02:16:27 INFO backup : batch 21 copied
2026-09-21 02:17:14 INFO backup : batch 22 copied
2026-09-21 02:18:01 INFO backup : batch 23 copied
2026-09-21 02:18:48 INFO backup : batch 24 copied
2026-09-21 02:19:35 INFO backup : batch 25 copied
2026-09-21 02:20:22 INFO backup : batch 26 copied
2026-09-21 02:21:09 INFO backup : batch 27 copied
2026-09-21 02:21:56 INFO backup : batch 28 copied
2026-09-21 02:22:43 INFO backup : batch 29 copied
2026-09-21 02:23:30 INFO backup : batch 30 copied
2026-09-21 02:23:35 WARN backup : free space on /srv/archives below 10%
2026-09-21 02:24:22 INFO backup : batch 31 copied
2026-09-21 02:25:09 INFO backup : batch 32 copied
2026-09-21 02:25:56 INFO backup : batch 33 copied
2026-09-21 02:26:43 INFO backup : batch 34 copied
2026-09-21 02:27:30 INFO backup : batch 35 copied
2026-09-21 02:28:17 INFO backup : batch 36 copied
2026-09-21 02:29:04 INFO backup : batch 37 copied
2026-09-21 02:29:51 INFO backup : batch 38 copied
2026-09-21 02:30:38 INFO backup : batch 39 copied
2026-09-21 02:31:25 INFO backup : batch 40 copied
2026-09-21 02:32:12 INFO backup : batch 41 copied
2026-09-21 02:32:59 INFO backup : batch 42 copied
2026-09-21 02:33:46 INFO backup : batch 43 copied
2026-09-21 02:34:33 INFO backup : batch 44 copied
2026-09-21 02:35:20 INFO backup : batch 45 copied
2026-09-21 02:36:07 INFO backup : batch 46 copied
2026-09-21 02:36:54 INFO backup : batch 47 copied
2026-09-21 02:37:41 INFO backup : batch 48 copied
2026-09-21 02:38:28 INFO backup : batch 49 copied
2026-09-21 02:39:15 INFO backup : batch 50 copied
2026-09-21 02:40:02 INFO backup : batch 51 copied
2026-09-21 02:40:49 INFO backup : batch 52 copied
2026-09-21 02:41:36 INFO backup : batch 53 copied
2026-09-21 02:42:23 INFO backup : batch 54 copied
2026-09-21 02:43:10 INFO backup : batch 55 copied
2026-09-21 02:43:57 INFO backup : batch 56 copied
2026-09-21 02:44:44 INFO backup : batch 57 copied
2026-09-21 02:45:31 ERROR backup : disk /srv/archives full, batch 58 interrupted
2026-09-21 02:45:33 INFO backup : job stopped, 57 of 64 batches copied
2026-09-21 02:45:34 INFO backup : temporary files deleted
