2026-09-21 02:00:00 INFO sauvegarde : début du traitement, 64 lots à copier vers /srv/archives
2026-09-21 02:00:47 INFO sauvegarde : lot 1 copié
2026-09-21 02:01:34 INFO sauvegarde : lot 2 copié
2026-09-21 02:02:21 INFO sauvegarde : lot 3 copié
2026-09-21 02:03:08 INFO sauvegarde : lot 4 copié
2026-09-21 02:03:55 INFO sauvegarde : lot 5 copié
2026-09-21 02:04:42 INFO sauvegarde : lot 6 copié
2026-09-21 02:05:29 INFO sauvegarde : lot 7 copié
2026-09-21 02:06:16 INFO sauvegarde : lot 8 copié
2026-09-21 02:07:03 INFO sauvegarde : lot 9 copié
2026-09-21 02:07:50 INFO sauvegarde : lot 10 copié
2026-09-21 02:08:37 INFO sauvegarde : lot 11 copié
2026-09-21 02:09:24 INFO sauvegarde : lot 12 copié
2026-09-21 02:10:11 INFO sauvegarde : lot 13 copié
2026-09-21 02:10:58 INFO sauvegarde : lot 14 copié
2026-09-21 02:11:45 INFO sauvegarde : lot 15 copié
2026-09-21 02:12:32 INFO sauvegarde : lot 16 copié
2026-09-21 02:13:19 INFO sauvegarde : lot 17 copié
2026-09-21 02:14:06 INFO sauvegarde : lot 18 copié
2026-09-21 02:14:53 INFO sauvegarde : lot 19 copié
2026-09-21 02:15:40 INFO sauvegarde : lot 20 copié
2026-09-21 02:16:27 INFO sauvegarde : lot 21 copié
2026-09-21 02:17:14 INFO sauvegarde : lot 22 copié
2026-09-21 02:18:01 INFO sauvegarde : lot 23 copié
2026-09-21 02:18:48 INFO sauvegarde : lot 24 copié
2026-09-21 02:19:35 INFO sauvegarde : lot 25 copié
2026-09-21 02:20:22 INFO sauvegarde : lot 26 copié
2026-09-21 02:21:09 INFO sauvegarde : lot 27 copié
2026-09-21 02:21:56 INFO sauvegarde : lot 28 copié
2026-09-21 02:22:43 INFO sauvegarde : lot 29 copié
2026-09-21 02:23:30 INFO sauvegarde : lot 30 copié
2026-09-21 02:23:35 WARN sauvegarde : espace libre sur /srv/archives sous 10 %
2026-09-21 02:24:22 INFO sauvegarde : lot 31 copié
2026-09-21 02:25:09 INFO sauvegarde : lot 32 copié
2026-09-21 02:25:56 INFO sauvegarde : lot 33 copié
2026-09-21 02:26:43 INFO sauvegarde : lot 34 copié
2026-09-21 02:27:30 INFO sauvegarde : lot 35 copié
2026-09-21 02:28:17 INFO sauvegarde : lot 36 copié
2026-09-21 02:29:04 INFO sauvegarde : lot 37 copié
2026-09-21 02:29:51 INFO sauvegarde : lot 38 copié
2026-09-21 02:30:38 INFO sauvegarde : lot 39 copié
2026-09-21 02:31:25 INFO sauvegarde : lot 40 copié
2026-09-21 02:32:12 INFO sauvegarde : lot 41 copié
2026-09-21 02:32:59 INFO sauvegarde : lot 42 copié
2026-09-21 02:33:46 INFO sauvegarde : lot 43 copié
2026-09-21 02:34:33 INFO sauvegarde : lot 44 copié
2026-09-21 02:35:20 INFO sauvegarde : lot 45 copié
2026-09-21 02:36:07 INFO sauvegarde : lot 46 copié
2026-09-21 02:36:54 INFO sauvegarde : lot 47 copié
2026-09-21 02:37:41 INFO sauvegarde : lot 48 copié
2026-09-21 02:38:28 INFO sauvegarde : lot 49 copié
2026-09-21 02:39:15 INFO sauvegarde : lot 50 copié
2026-09-21 02:40:02 INFO sauvegarde : lot 51 copié
2026-09-21 02:40:49 INFO sauvegarde : lot 52 copié
2026-09-21 02:41:36 INFO sauvegarde : lot 53 copié
2026-09-21 02:42:23 INFO sauvegarde : lot 54 copié
2026-09-21 02:43:10 INFO sauvegarde : lot 55 copié
2026-09-21 02:43:57 INFO sauvegarde : lot 56 copié
2026-09-21 02:44:44 INFO sauvegarde : lot 57 copié
2026-09-21 02:45:31 ERROR sauvegarde : disque /srv/archives plein, lot 58 interrompu
2026-09-21 02:45:33 INFO sauvegarde : arrêt du traitement, 57 lots copiés sur 64
2026-09-21 02:45:34 INFO sauvegarde : fichiers temporaires supprimés
