2026-09-21 02:00:00 INFO Sicherung : Beginn der Verarbeitung, 64 Pakete nach /srv/archives zu kopieren
2026-09-21 02:00:47 INFO Sicherung : Paket 1 kopiert
2026-09-21 02:01:34 INFO Sicherung : Paket 2 kopiert
2026-09-21 02:02:21 INFO Sicherung : Paket 3 kopiert
2026-09-21 02:03:08 INFO Sicherung : Paket 4 kopiert
2026-09-21 02:03:55 INFO Sicherung : Paket 5 kopiert
2026-09-21 02:04:42 INFO Sicherung : Paket 6 kopiert
2026-09-21 02:05:29 INFO Sicherung : Paket 7 kopiert
2026-09-21 02:06:16 INFO Sicherung : Paket 8 kopiert
2026-09-21 02:07:03 INFO Sicherung : Paket 9 kopiert
2026-09-21 02:07:50 INFO Sicherung : Paket 10 kopiert
2026-09-21 02:08:37 INFO Sicherung : Paket 11 kopiert
2026-09-21 02:09:24 INFO Sicherung : Paket 12 kopiert
2026-09-21 02:10:11 INFO Sicherung : Paket 13 kopiert
2026-09-21 02:10:58 INFO Sicherung : Paket 14 kopiert
2026-09-21 02:11:45 INFO Sicherung : Paket 15 kopiert
2026-09-21 02:12:32 INFO Sicherung : Paket 16 kopiert
2026-09-21 02:13:19 INFO Sicherung : Paket 17 kopiert
2026-09-21 02:14:06 INFO Sicherung : Paket 18 kopiert
2026-09-21 02:14:53 INFO Sicherung : Paket 19 kopiert
2026-09-21 02:15:40 INFO Sicherung : Paket 20 kopiert
2026-09-21 02:16:27 INFO Sicherung : Paket 21 kopiert
2026-09-21 02:17:14 INFO Sicherung : Paket 22 kopiert
2026-09-21 02:18:01 INFO Sicherung : Paket 23 kopiert
2026-09-21 02:18:48 INFO Sicherung : Paket 24 kopiert
2026-09-21 02:19:35 INFO Sicherung : Paket 25 kopiert
2026-09-21 02:20:22 INFO Sicherung : Paket 26 kopiert
2026-09-21 02:21:09 INFO Sicherung : Paket 27 kopiert
2026-09-21 02:21:56 INFO Sicherung : Paket 28 kopiert
2026-09-21 02:22:43 INFO Sicherung : Paket 29 kopiert
2026-09-21 02:23:30 INFO Sicherung : Paket 30 kopiert
2026-09-21 02:23:35 WARN Sicherung : freier Speicher auf /srv/archives unter 10 %
2026-09-21 02:24:22 INFO Sicherung : Paket 31 kopiert
2026-09-21 02:25:09 INFO Sicherung : Paket 32 kopiert
2026-09-21 02:25:56 INFO Sicherung : Paket 33 kopiert
2026-09-21 02:26:43 INFO Sicherung : Paket 34 kopiert
2026-09-21 02:27:30 INFO Sicherung : Paket 35 kopiert
2026-09-21 02:28:17 INFO Sicherung : Paket 36 kopiert
2026-09-21 02:29:04 INFO Sicherung : Paket 37 kopiert
2026-09-21 02:29:51 INFO Sicherung : Paket 38 kopiert
2026-09-21 02:30:38 INFO Sicherung : Paket 39 kopiert
2026-09-21 02:31:25 INFO Sicherung : Paket 40 kopiert
2026-09-21 02:32:12 INFO Sicherung : Paket 41 kopiert
2026-09-21 02:32:59 INFO Sicherung : Paket 42 kopiert
2026-09-21 02:33:46 INFO Sicherung : Paket 43 kopiert
2026-09-21 02:34:33 INFO Sicherung : Paket 44 kopiert
2026-09-21 02:35:20 INFO Sicherung : Paket 45 kopiert
2026-09-21 02:36:07 INFO Sicherung : Paket 46 kopiert
2026-09-21 02:36:54 INFO Sicherung : Paket 47 kopiert
2026-09-21 02:37:41 INFO Sicherung : Paket 48 kopiert
2026-09-21 02:38:28 INFO Sicherung : Paket 49 kopiert
2026-09-21 02:39:15 INFO Sicherung : Paket 50 kopiert
2026-09-21 02:40:02 INFO Sicherung : Paket 51 kopiert
2026-09-21 02:40:49 INFO Sicherung : Paket 52 kopiert
2026-09-21 02:41:36 INFO Sicherung : Paket 53 kopiert
2026-09-21 02:42:23 INFO Sicherung : Paket 54 kopiert
2026-09-21 02:43:10 INFO Sicherung : Paket 55 kopiert
2026-09-21 02:43:57 INFO Sicherung : Paket 56 kopiert
2026-09-21 02:44:44 INFO Sicherung : Paket 57 kopiert
2026-09-21 02:45:31 ERROR Sicherung : Datenträger /srv/archives voll, Paket 58 abgebrochen
2026-09-21 02:45:33 INFO Sicherung : Verarbeitung beendet, 57 von 64 Paketen kopiert
2026-09-21 02:45:34 INFO Sicherung : temporäre Dateien gelöscht
